// Jest Snapshot v1, https://goo.gl/fbAQLP

exports[`LOG MIDDLEWARE middleware/log should process the log fn 1`] = `
Array [
  Array [
    Object {
      "type": "SAMPLE_ACTION",
    },
  ],
]
`;
